// Jest Snapshot v1, https://goo.gl/fbAQLP

exports[`Flowcolumns Components should render IconColumn 1`] = `
<td
  className="col-icon"
>
  <div
    className="resource-icon resource-icon-tcp"
  />
</td>
`;

exports[`Flowcolumns Components should render IconColumn 2`] = `
<td
  className="col-icon"
>
  <div
    className="resource-icon resource-icon-plain"
  />
</td>
`;

exports[`Flowcolumns Components should render IconColumn 3`] = `
<td
  className="col-icon"
>
  <div
    className="resource-icon resource-icon-not-modified"
  />
</td>
`;

exports[`Flowcolumns Components should render IconColumn 4`] = `
<td
  className="col-icon"
>
  <div
    className="resource-icon resource-icon-redirect"
  />
</td>
`;

exports[`Flowcolumns Components should render IconColumn 5`] = `
<td
  className="col-icon"
>
  <div
    className="resource-icon resource-icon-image"
  />
</td>
`;

exports[`Flowcolumns Components should render IconColumn 6`] = `
<td
  className="col-icon"
>
  <div
    className="resource-icon resource-icon-js"
  />
</td>
`;

exports[`Flowcolumns Components should render IconColumn 7`] = `
<td
  className="col-icon"
>
  <div
    className="resource-icon resource-icon-css"
  />
</td>
`;

exports[`Flowcolumns Components should render IconColumn 8`] = `
<td
  className="col-icon"
>
  <div
    className="resource-icon resource-icon-document"
  />
</td>
`;

exports[`Flowcolumns Components should render IconColumn 9`] = `
<td
  className="col-icon"
>
  <div
    className="resource-icon resource-icon-plain"
  />
</td>
`;

exports[`Flowcolumns Components should render IconColumn 10`] = `
<td
  className="col-icon"
>
  <div
    className="resource-icon resource-icon-websocket"
  />
</td>
`;

exports[`Flowcolumns Components should render TimeColumn 1`] = `
<td
  className="col-time"
>
  5s
</td>
`;

exports[`Flowcolumns Components should render TimeColumn 2`] = `
<td
  className="col-time"
>
  5s
</td>
`;

exports[`Flowcolumns Components should render pathColumn 1`] = `
<td
  className="col-path"
>
  <i
    className="fa fa-fw fa-exclamation pull-right"
  />
  <span
    className="marker pull-right"
  >
    
  </span>
  http://address:22/path
</td>
`;

exports[`Flowcolumns Components should render pathColumn 2`] = `
<td
  className="col-path"
>
  <i
    className="fa fa-fw fa-pause pull-right"
  />
  <i
    className="fa fa-fw fa-times pull-right"
  />
  <span
    className="marker pull-right"
  >
    
  </span>
  http://address:22/path
</td>
`;

exports[`should render columns: icon 1`] = `
<DocumentFragment>
  <table>
    <tbody>
      <tr>
        <td
          class="col-icon"
        >
          <div
            class="resource-icon resource-icon-websocket"
          />
        </td>
      </tr>
    </tbody>
  </table>
</DocumentFragment>
`;

exports[`should render columns: method 1`] = `
<DocumentFragment>
  <table>
    <tbody>
      <tr>
        <td
          class="col-method"
        >
          WSS
        </td>
      </tr>
    </tbody>
  </table>
</DocumentFragment>
`;

exports[`should render columns: path 1`] = `
<DocumentFragment>
  <table>
    <tbody>
      <tr>
        <td
          class="col-path"
        >
          <i
            class="fa fa-fw fa-exclamation pull-right"
          />
          <span
            class="marker pull-right"
          />
          http://address:22/path
        </td>
      </tr>
    </tbody>
  </table>
</DocumentFragment>
`;

exports[`should render columns: quickactions 1`] = `
<DocumentFragment>
  <table>
    <tbody>
      <tr>
        <td
          class="col-quickactions"
        >
          <div />
        </td>
      </tr>
    </tbody>
  </table>
</DocumentFragment>
`;

exports[`should render columns: size 1`] = `
<DocumentFragment>
  <table>
    <tbody>
      <tr>
        <td
          class="col-size"
        >
          43b
        </td>
      </tr>
    </tbody>
  </table>
</DocumentFragment>
`;

exports[`should render columns: status 1`] = `
<DocumentFragment>
  <table>
    <tbody>
      <tr>
        <td
          class="col-status"
          style="color: darkgreen;"
        >
          200
        </td>
      </tr>
    </tbody>
  </table>
</DocumentFragment>
`;

exports[`should render columns: time 1`] = `
<DocumentFragment>
  <table>
    <tbody>
      <tr>
        <td
          class="col-time"
        >
          5s
        </td>
      </tr>
    </tbody>
  </table>
</DocumentFragment>
`;

exports[`should render columns: timestamp 1`] = `
<DocumentFragment>
  <table>
    <tbody>
      <tr>
        <td
          class="col-timestamp"
        >
          1999-12-31 23:00:00.000
        </td>
      </tr>
    </tbody>
  </table>
</DocumentFragment>
`;

exports[`should render columns: tls 1`] = `
<DocumentFragment>
  <table>
    <tbody>
      <tr>
        <td
          class="col-tls col-tls-https"
        />
      </tr>
    </tbody>
  </table>
</DocumentFragment>
`;
