// Jest Snapshot v1, https://goo.gl/fbAQLP

exports[`FlowTable Component should render correctly 1`] = `
<div
  className="flow-table"
  onScroll={[Function]}
>
  <table>
    <thead
      style={
        Object {
          "transform": "translateY(0px)",
        }
      }
    >
      <tr>
        <th
          className="col-tls"
          onClick={[Function]}
        >
          
        </th>
        <th
          className="col-icon"
          onClick={[Function]}
        >
          
        </th>
        <th
          className="col-path sort-desc"
          onClick={[Function]}
        >
          Path
        </th>
        <th
          className="col-method"
          onClick={[Function]}
        >
          Method
        </th>
        <th
          className="col-status"
          onClick={[Function]}
        >
          Status
        </th>
        <th
          className="col-size"
          onClick={[Function]}
        >
          Size
        </th>
        <th
          className="col-time"
          onClick={[Function]}
        >
          Time
        </th>
        <th
          className="col-quickactions"
          onClick={[Function]}
        >
          
        </th>
      </tr>
    </thead>
    <tbody>
      <tr
        style={
          Object {
            "height": 0,
          }
        }
      />
      <tr
        className="has-request has-response"
        onClick={[Function]}
      >
        <td
          className="col-tls col-tls-https"
        />
        <td
          className="col-icon"
        >
          <div
            className="resource-icon resource-icon-websocket"
          />
        </td>
        <td
          className="col-path"
        >
          <i
            className="fa fa-fw fa-exclamation pull-right"
          />
          <span
            className="marker pull-right"
          >
            
          </span>
          http://address:22/path
        </td>
        <td
          className="col-method"
        >
          WSS
        </td>
        <td
          className="col-status"
          style={
            Object {
              "color": "darkgreen",
            }
          }
        >
          200
        </td>
        <td
          className="col-size"
        >
          43b
        </td>
        <td
          className="col-time"
        >
          5s
        </td>
        <td
          className="col-quickactions"
          onClick={[Function]}
        />
      </tr>
      <tr
        style={
          Object {
            "height": 0,
          }
        }
      />
    </tbody>
  </table>
</div>
`;
