// Jest Snapshot v1, https://goo.gl/fbAQLP

exports[`ToggleButton Component should render correctly 1`] = `
<DocumentFragment>
  <div
    class="btn btn-toggle btn-primary"
  >
    <i
      class="fa fa-fw fa-check-square-o"
    />
    Â foo
  </div>
</DocumentFragment>
`;
