// Jest Snapshot v1, https://goo.gl/fbAQLP

exports[`CaptureMenu Component should render correctly 1`] = `null`;
