// Jest Snapshot v1, https://goo.gl/fbAQLP

exports[`FileMenu Component should render correctly 1`] = `
<DocumentFragment>
  <a
    class="pull-left special"
    href="#"
  >
    File
  </a>
</DocumentFragment>
`;
