// Jest Snapshot v1, https://goo.gl/fbAQLP

exports[`MainMenu 1`] = `
<DocumentFragment>
  <div
    class="main-menu"
  >
    <div
      class="menu-group"
    >
      <div
        class="menu-content"
      >
        <div
          class="filter-input input-group"
        >
          <span
            class="input-group-addon"
          >
            <i
              class="fa fa-fw fa-search"
              style="color: black;"
            />
          </span>
          <input
            class="form-control"
            placeholder="Search"
            type="text"
            value="~u /second | ~tcp | ~dns"
          />
        </div>
        <div
          class="filter-input input-group"
        >
          <span
            class="input-group-addon"
          >
            <i
              class="fa fa-fw fa-tag"
              style="color: rgb(0, 0, 0);"
            />
          </span>
          <input
            class="form-control"
            placeholder="Highlight"
            type="text"
            value="~u /path"
          />
        </div>
      </div>
      <div
        class="menu-legend"
      >
        Find
      </div>
    </div>
    <div
      class="menu-group"
    >
      <div
        class="menu-content"
      >
        <div
          class="filter-input input-group"
        >
          <span
            class="input-group-addon"
          >
            <i
              class="fa fa-fw fa-pause"
              style="color: rgb(68, 68, 68);"
            />
          </span>
          <input
            class="form-control"
            placeholder="Intercept"
            type="text"
            value=""
          />
        </div>
        <button
          class="btn-sm btn btn-default"
          title="[a]ccept all"
        >
          <i
            class="fa fa-forward text-success"
          />
          Â Resume All
        </button>
      </div>
      <div
        class="menu-legend"
      >
        Intercept
      </div>
    </div>
  </div>
</DocumentFragment>
`;
