// Jest Snapshot v1, https://goo.gl/fbAQLP

exports[`ValueEditor Component should render correctly 1`] = `
<div
  className="inline-input editable"
  dangerouslySetInnerHTML={
    Object {
      "__html": "foo",
    }
  }
  onBlur={[Function]}
  onClick={[Function]}
  onFocus={[Function]}
  onInput={[Function]}
  onKeyDown={[Function]}
  onMouseDown={[Function]}
  onPaste={[Function]}
  tabIndex={0}
/>
`;
